// Jest Snapshot v1, https://goo.gl/fbAQLP

exports[`The component is rendered correctly Movie list correctly renders with transferred mock-movies 1`] = `
<div
  className="catalog__movies-list"
>
  <article
    className="small-movie-card catalog__movies-card"
    onMouseEnter={[Function]}
    onMouseLeave={[Function]}
  >
    <div
      className="small-movie-card__image"
    >
      <video
        style={
          Object {
            "height": "100%",
            "objectFit": "fill",
            "width": "100%",
          }
        }
      />
    </div>
    <h3
      className="small-movie-card__title"
      onClick={[Function]}
    >
      <a
        className="small-movie-card__link"
        href="/films#d90f:fc74:a512:6497:6aab:537:251c:c35a"
      >
        Johnny English
      </a>
    </h3>
  </article>
  <article
    className="small-movie-card catalog__movies-card"
    onMouseEnter={[Function]}
    onMouseLeave={[Function]}
  >
    <div
      className="small-movie-card__image"
    >
      <video
        style={
          Object {
            "height": "100%",
            "objectFit": "fill",
            "width": "100%",
          }
        }
      />
    </div>
    <h3
      className="small-movie-card__title"
      onClick={[Function]}
    >
      <a
        className="small-movie-card__link"
        href="/films#94b2:9524:2d16:7525:dcb8:9540:7ba0:3afc"
      >
        Snatch
      </a>
    </h3>
  </article>
  <article
    className="small-movie-card catalog__movies-card"
    onMouseEnter={[Function]}
    onMouseLeave={[Function]}
  >
    <div
      className="small-movie-card__image"
    >
      <video
        style={
          Object {
            "height": "100%",
            "objectFit": "fill",
            "width": "100%",
          }
        }
      />
    </div>
    <h3
      className="small-movie-card__title"
      onClick={[Function]}
    >
      <a
        className="small-movie-card__link"
        href="/films#aa8e:d530:c2f3:1755:12fb:64af:130a:ef47"
      >
        Pulp Fiction
      </a>
    </h3>
  </article>
  <article
    className="small-movie-card catalog__movies-card"
    onMouseEnter={[Function]}
    onMouseLeave={[Function]}
  >
    <div
      className="small-movie-card__image"
    >
      <video
        style={
          Object {
            "height": "100%",
            "objectFit": "fill",
            "width": "100%",
          }
        }
      />
    </div>
    <h3
      className="small-movie-card__title"
      onClick={[Function]}
    >
      <a
        className="small-movie-card__link"
        href="/films#9a58:9bc0:9458:ffe6:7191:e97a:47d0:577"
      >
        Macbeth
      </a>
    </h3>
  </article>
</div>
`;
