// Jest Snapshot v1, https://goo.gl/fbAQLP

exports[`The component is rendered correctly Movie card correctly renders with transferred mock-movie 1`] = `
<article
  className="small-movie-card catalog__movies-card"
  onMouseEnter={[Function]}
  onMouseLeave={[Function]}
>
  <div
    className="small-movie-card__image"
  >
    <video
      className="player__video"
      poster="img/johnny-english.jpg"
      style={
        Object {
          "height": "100%",
          "objectFit": "fill",
          "width": "100%",
        }
      }
    />
  </div>
  <h3
    className="small-movie-card__title"
    onClick={[MockFunction]}
  >
    <a
      className="small-movie-card__link"
      href="/films#d90f:fc74:a512:6497:6aab:537:251c:c35a"
    >
      Johnny English
    </a>
  </h3>
</article>
`;
