// Jest Snapshot v1, https://goo.gl/fbAQLP

exports[`The component is rendered correctly Video player timer correctly renders with transferrd mock time 1`] = `
Array [
  <div
    className="player__time"
  >
    <progress
      className="player__progress"
      max={33}
      value={6}
    />
    <div
      className="player__toggler"
      style={
        Object {
          "left": "18.181818181818183%",
        }
      }
    >
      Toggler
    </div>
  </div>,
  <div
    className="player__time-value"
  >
    00:00:27
  </div>,
]
`;
